; This file was created by George Moroz on 26.04.2021.
;   Conversion Type = Legacy_to_from_Unicode
;   Left-hand side font = Arial;12
;   Right-hand side font = Charis SIL Compact;12
;   Main Window Position = 665,12,675,754
;   Left-hand side Character Map Window Position = 658,0,457,446
;   Right-hand side Character Map Window Position = 712,186,580,38

EncodingName            "ady"
DescriptiveName         "ady_trans"
Version                 "4"
Contact                 "agricolamz@gmail.com"

pass(Unicode)

"." <> "."
"," <> ","
"[" <> "["
"]" <> "]"
"(" <> "("
")" <> ")"
"{" <> "{"
"}" <> "}"
"<" <> "<"
">" <> ">"
":" <> ":"
"-" <> "-"
"–" <> "–"
"—" <> "—"
"―" <> "―"
"…" <> "…"
"!" <> "!"
"‐" <> "‐"
"-" <> "-"
"?" <> "?"
";" <> ";"
" " <> " "
"·" <> "·"
'"' <> '"'
U+000A <> U+000A
U+000D <> U+000D
U+0085 <> U+0085
U+2028 <> U+2028
U+2029 <> U+2029
"а" <> "a"
"А" <> "a"
"А" <> "a"
"б" <> "b"
"Б" <> "b"
"Б" <> "b"
"в" <> "v"
"В" <> "v"
"В" <> "v"
"г" <> "g"
"Г" <> "g"
"Г" <> "g"
"гу" <> "gʷə"
"ГУ" <> "gʷə"
"Гу" <> "gʷə"
"гуа" <> "gʷa"
"ГУА" <> "gʷa"
"Гуа" <> "gʷa"
"го" <> "gʷe"
"ГО" <> "gʷe"
"Го" <> "gʷe"
"гъ" <> "ʁ"
"ГЪ" <> "ʁ"
"Гъ" <> "ʁ"
"гъу" <> "ʁʷə"
"ГЪУ" <> "ʁʷə"
"Гъу" <> "ʁʷə"
"гъо" <> "ʁʷe"
"ГЪО" <> "ʁʷe"
"Гъо" <> "ʁʷe"
"гъуа" <> "ʁʷa"
"ГЪУА" <> "ʁʷa"
"Гъуа" <> "ʁʷa"
"д" <> "d"
"Д" <> "d"
"Д" <> "d"
"дж" <> "ǯ"
"ДЖ" <> "ǯ"
"Дж" <> "ǯ"
"дз" <> "ʒ"
"ДЗ" <> "ʒ"
"Дз" <> "ʒ"
"дзу" <> "ʒ̂ʷə"
"ДЗУ" <> "ʒ̂ʷə"
"Дзу" <> "ʒ̂ʷə"
"дзуа" <> "ʒ̂ʷa"
"ДЗУА" <> "ʒ̂ʷa"
"Дзуа" <> "ʒ̂ʷa"
"дзо" <> "ʒ̂ʷe"
"ДЗО" <> "ʒ̂ʷe"
"Дзо" <> "ʒ̂ʷe"
"е" <> "je"
"Е" <> "je"
"Е" <> "je"
"ё" <> "jwe"
"Ё" <> "jwe"
"Ё" <> "jwe"
"ж" <> "ž"
"Ж" <> "ž"
"Ж" <> "ž"
"жъ" <> "ẑ"
"ЖЪ" <> "ẑ"
"Жъ" <> "ẑ"
"жъу" <> "ẑʷə"
"ЖЪУ" <> "ẑʷə"
"Жъу" <> "ẑʷə"
"жъуа" <> "ẑʷa"
"ЖЪУА" <> "ẑʷa"
"Жъуа" <> "ẑʷa"
"жъо" <> "ẑʷe"
"ЖЪО" <> "ẑʷe"
"Жъо" <> "ẑʷe"
"з" <> "z"
"З" <> "z"
"З" <> "z"
"и" <> "jə"
"И" <> "jə"
"И" <> "jə"
"к" <> "k"
"К" <> "k"
"К" <> "k"
"кк" <> "k:"
"КК" <> "k:"
"Кк" <> "k:"
"ку" <> "kʷə"
"КУ" <> "kʷə"
"Ку" <> "kʷə"
"куа" <> "kʷa"
"КУА" <> "kʷa"
"Куа" <> "kʷa"
"ко" <> "kʷe"
"КО" <> "kʷe"
"Ко" <> "kʷe"
"куку" <> "kʷ:ə"
"КУКУ" <> "kʷ:ə"
"Куку" <> "kʷ:ə"
"кукуа" <> "kʷ:a"
"КУКУА" <> "kʷ:a"
"Кукуа" <> "kʷ:a"
"куко" <> "kʷ:e"
"КУКО" <> "kʷ:e"
"Куко" <> "kʷ:e"
"къ" <> "q"
"КЪ" <> "q"
"Къ" <> "q"
"къкъ" <> "q:"
"КЪКЪ" <> "q:"
"Къкъ" <> "q:"
"къу" <> "qʷə"
"КЪУ" <> "qʷə"
"Къу" <> "qʷə"
"къуа" <> "qʷa"
"КЪУА" <> "qʷa"
"Къуа" <> "qʷa"
"къо" <> "qʷe"
"КЪО" <> "qʷe"
"Къо" <> "qʷe"
"к1" <> "ḳ"
"К1" <> "ḳ"
"К1" <> "ḳ"
"кI" <> "ḳ"
"КI" <> "ḳ"
"Кi" <> "ḳ"
"кӏ" <> "ḳ"
"КӀ" <> "ḳ"
"Кӏ" <> "ḳ"
"к1у" <> "ḳʷə"
"К1У" <> "ḳʷə"
"К1у" <> "ḳʷə"
"к1уа" <> "ḳʷa"
"К1УА" <> "ḳʷa"
"К1уа" <> "ḳʷa"
"к1о" <> "ḳʷe"
"К1О" <> "ḳʷe"
"К1о" <> "ḳʷe"
"кIу" <> "ḳʷə"
"КIУ" <> "ḳʷə"
"Кiу" <> "ḳʷə"
"кIуа" <> "ḳʷa"
"КIУА" <> "ḳʷa"
"Кiуа" <> "ḳʷa"
"кIо" <> "ḳʷe"
"КIО" <> "ḳʷe"
"Кiо" <> "ḳʷe"
"кӏу" <> "ḳʷə"
"КӀУ" <> "ḳʷə"
"Кӏу" <> "ḳʷə"
"кӏуа" <> "ḳʷa"
"КӀУА" <> "ḳʷa"
"Кӏуа" <> "ḳʷa"
"кӏо" <> "ḳʷe"
"КӀО" <> "ḳʷe"
"Кӏо" <> "ḳʷe"
"л" <> "l"
"Л" <> "l"
"Л" <> "l"
"лъ" <> "λ"
"ЛЪ" <> "λ"
"Лъ" <> "λ"
"л1" <> "λ̣"
"Л1" <> "λ̣"
"Л1" <> "λ̣"
"лI" <> "λ̣"
"ЛI" <> "λ̣"
"Лi" <> "λ̣"
"лӏ" <> "λ̣"
"ЛӀ" <> "λ̣"
"Лӏ" <> "λ̣"
"м" <> "m"
"М" <> "m"
"М" <> "m"
"н" <> "n"
"Н" <> "n"
"Н" <> "n"
"о" <> "we"
"О" <> "we"
"О" <> "we"
"п" <> "p"
"П" <> "p"
"П" <> "p"
"пп" <> "p:"
"ПП" <> "p:"
"Пп" <> "p:"
"п1" <> "ṗ"
"П1" <> "ṗ"
"П1" <> "ṗ"
"пI" <> "ṗ"
"ПI" <> "ṗ"
"Пi" <> "ṗ"
"пӏ" <> "ṗ"
"ПӀ" <> "ṗ"
"Пӏ" <> "ṗ"
"п1у" <> "p̣ʷə"
"П1У" <> "p̣ʷə"
"П1у" <> "p̣ʷə"
"п1уа" <> "p̣ʷa"
"П1УА" <> "p̣ʷa"
"П1уа" <> "p̣ʷa"
"п1о" <> "p̣ʷe"
"П1О" <> "p̣ʷe"
"П1о" <> "p̣ʷe"
"пIу" <> "p̣ʷə"
"ПIУ" <> "p̣ʷə"
"Пiу" <> "p̣ʷə"
"пIуа" <> "p̣ʷa"
"ПIУА" <> "p̣ʷa"
"Пiуа" <> "p̣ʷa"
"пIо" <> "p̣ʷe"
"ПIО" <> "p̣ʷe"
"Пiо" <> "p̣ʷe"
"пӏу" <> "p̣ʷə"
"ПӀУ" <> "p̣ʷə"
"Пӏу" <> "p̣ʷə"
"пӏуа" <> "p̣ʷa"
"ПӀУА" <> "p̣ʷa"
"Пӏуа" <> "p̣ʷa"
"пӏо" <> "p̣ʷe"
"ПӀО" <> "p̣ʷe"
"Пӏо" <> "p̣ʷe"
"р" <> "r"
"Р" <> "r"
"Р" <> "r"
"с" <> "s"
"С" <> "s"
"С" <> "s"
"сс" <> "s:"
"СС" <> "s:"
"Сс" <> "s:"
"т" <> "t"
"Т" <> "t"
"Т" <> "t"
"тт" <> "t:"
"ТТ" <> "t:"
"Тт" <> "t:"
"т1" <> "ṭ"
"Т1" <> "ṭ"
"Т1" <> "ṭ"
"тI" <> "ṭ"
"ТI" <> "ṭ"
"Тi" <> "ṭ"
"тӏ" <> "ṭ"
"ТӀ" <> "ṭ"
"Тӏ" <> "ṭ"
"т1у" <> "ṭʷə"
"Т1У" <> "ṭʷə"
"Т1у" <> "ṭʷə"
"т1уа" <> "ṭʷa"
"Т1УА" <> "ṭʷa"
"Т1уа" <> "ṭʷa"
"т1о" <> "ṭʷe"
"Т1О" <> "ṭʷe"
"Т1о" <> "ṭʷe"
"тIу" <> "ṭʷə"
"ТIУ" <> "ṭʷə"
"Тiу" <> "ṭʷə"
"тIуа" <> "ṭʷa"
"ТIУА" <> "ṭʷa"
"Тiуа" <> "ṭʷa"
"тIо" <> "ṭʷe"
"ТIО" <> "ṭʷe"
"Тiо" <> "ṭʷe"
"тӏу" <> "ṭʷə"
"ТӀУ" <> "ṭʷə"
"Тӏу" <> "ṭʷə"
"тӏуа" <> "ṭʷa"
"ТӀУА" <> "ṭʷa"
"Тӏуа" <> "ṭʷa"
"тӏо" <> "ṭʷe"
"ТӀО" <> "ṭʷe"
"Тӏо" <> "ṭʷe"
"у" <> "wə"
"У" <> "wə"
"У" <> "wə"
"ф" <> "f"
"Ф" <> "f"
"Ф" <> "f"
"х" <> "x"
"Х" <> "x"
"Х" <> "x"
"хъ" <> "χ"
"ХЪ" <> "χ"
"Хъ" <> "χ"
"хъу" <> "χʷ"
"ХЪУ" <> "χʷ"
"Хъу" <> "χʷ"
"хь" <> "h"
"ХЬ" <> "h"
"Хь" <> "h"
"ц" <> "c"
"Ц" <> "c"
"Ц" <> "c"
"цц" <> "c:"
"ЦЦ" <> "c:"
"Цц" <> "c:"
"цу" <> "ĉʷə"
"ЦУ" <> "ĉʷə"
"Цу" <> "ĉʷə"
"цуа" <> "ĉʷa"
"ЦУА" <> "ĉʷa"
"Цуа" <> "ĉʷa"
"цо" <> "ĉʷe"
"ЦО" <> "ĉʷe"
"Цо" <> "ĉʷe"
"ц1" <> "c̣"
"Ц1" <> "c̣"
"Ц1" <> "c̣"
"цI" <> "c̣"
"ЦI" <> "c̣"
"Цi" <> "c̣"
"цӏ" <> "c̣"
"ЦӀ" <> "c̣"
"Цӏ" <> "c̣"
"ч" <> "č’"
"Ч" <> "č’"
"Ч" <> "č’"
"чч" <> "č’:"
"ЧЧ" <> "č’:"
"Чч" <> "č’:"
"чъ" <> "č"
"ЧЪ" <> "č"
"Чъ" <> "č"
"чъчъ" <> "č:"
"ЧЪЧЪ" <> "č:"
"Чъчъ" <> "č:"
"ч1" <> "č̣’"
"Ч1" <> "č̣’"
"Ч1" <> "č̣’"
"чI" <> "č̣’"
"ЧI" <> "č̣’"
"Чi" <> "č̣’"
"чӏ" <> "č̣’"
"ЧӀ" <> "č̣’"
"Чӏ" <> "č̣’"
"ш" <> "š"
"Ш" <> "š"
"Ш" <> "š"
"шш" <> "š:"
"ШШ" <> "š:"
"Шш" <> "š:"
"шъ" <> "ŝ"
"ШЪ" <> "ŝ"
"Шъ" <> "ŝ"
"шъу" <> "ŝʷə"
"ШЪУ" <> "ŝʷə"
"Шъу" <> "ŝʷə"
"шъуа" <> "ŝʷa"
"ШЪУА" <> "ŝʷa"
"Шъуа" <> "ŝʷa"
"шъо" <> "ŝʷe"
"ШЪО" <> "ŝʷe"
"Шъо" <> "ŝʷe"
"ш1" <> "ṣ̂"
"Ш1" <> "ṣ̂"
"Ш1" <> "ṣ̂"
"шI" <> "ṣ̂"
"ШI" <> "ṣ̂"
"Шi" <> "ṣ̂"
"шӏ" <> "ṣ̂"
"ШӀ" <> "ṣ̂"
"Шӏ" <> "ṣ̂"
"ш1у" <> "ṣ̂ʷə"
"Ш1У" <> "ṣ̂ʷə"
"Ш1у" <> "ṣ̂ʷə"
"ш1уа" <> "ṣ̂ʷa"
"Ш1УА" <> "ṣ̂ʷa"
"Ш1уа" <> "ṣ̂ʷa"
"ш1о" <> "ṣ̂ʷe"
"Ш1О" <> "ṣ̂ʷe"
"Ш1о" <> "ṣ̂ʷe"
"шIу" <> "ṣ̂ʷə"
"ШIУ" <> "ṣ̂ʷə"
"Шiу" <> "ṣ̂ʷə"
"шIуа" <> "ṣ̂ʷa"
"ШIУА" <> "ṣ̂ʷa"
"Шiуа" <> "ṣ̂ʷa"
"шIо" <> "ṣ̂ʷe"
"ШIО" <> "ṣ̂ʷe"
"Шiо" <> "ṣ̂ʷe"
"шӏу" <> "ṣ̂ʷə"
"ШӀУ" <> "ṣ̂ʷə"
"Шӏу" <> "ṣ̂ʷə"
"шӏуа" <> "ṣ̂ʷa"
"ШӀУА" <> "ṣ̂ʷa"
"Шӏуа" <> "ṣ̂ʷa"
"шӏо" <> "ṣ̂ʷe"
"ШӀО" <> "ṣ̂ʷe"
"Шӏо" <> "ṣ̂ʷe"
"щ" <> "š’"
"Щ" <> "š’"
"Щ" <> "š’"
"щщ" <> "š’:"
"ЩЩ" <> "š’:"
"Щщ" <> "š’:"
"ы" <> "ə"
"Ы" <> "ə"
"Ы" <> "ə"
"э" <> "e"
"Э" <> "e"
"Э" <> "e"
"ю" <> "ju"
"Ю" <> "ju"
"Ю" <> "ju"
"я" <> "ja"
"Я" <> "ja"
"Я" <> "ja"
"1" <> "ʔ"
"1" <> "ʔ"
"1" <> "ʔ"
"I" <> "ʔ"
"I" <> "ʔ"
"I" <> "ʔ"
"ӏ" <> "ʔ"
"Ӏ" <> "ʔ"
"Ӏ" <> "ʔ"
"1у" <> "ʔʷə"
"1У" <> "ʔʷə"
"1у" <> "ʔʷə"
"1уа" <> "ʔʷa"
"1УА" <> "ʔʷa"
"1уа" <> "ʔʷa"
"1о" <> "ʔʷe"
"1О" <> "ʔʷe"
"1о" <> "ʔʷe"
"Iу" <> "ʔʷə"
"IУ" <> "ʔʷə"
"Iу" <> "ʔʷə"
"Iуа" <> "ʔʷa"
"IУА" <> "ʔʷa"
"Iуа" <> "ʔʷa"
"Iо" <> "ʔʷe"
"IО" <> "ʔʷe"
"Iо" <> "ʔʷe"
"ӏу" <> "ʔʷə"
"ӀУ" <> "ʔʷə"
"Ӏу" <> "ʔʷə"
"ӏуа" <> "ʔʷa"
"ӀУА" <> "ʔʷa"
"Ӏуа" <> "ʔʷa"
"ӏо" <> "ʔʷe"
"ӀО" <> "ʔʷe"
"Ӏо" <> "ʔʷe"
